[2026-09-16T02:44:55.394Z] Plugin initialized: 1 commands [
  "aivectormemory-web"
]
[2026-09-16T02:44:55.972Z] Registered /subtask command
[2026-09-16T02:49:13.850Z] message-hooks: ENTRY msgCount=1, sessions=ses_f57e1b86bffeYuo9UU5epcioi0
[2026-09-16T02:49:13.850Z] message-hooks: MESSAGES: [0]user: text:"review the plan /Users/paulorezende/Libr..."
[2026-09-16T02:49:13.850Z] message-hooks: post-filter, msgCount=1
[2026-09-16T02:49:13.850Z] message-hooks: about to search for OPENCODE_GENERIC
[2026-09-16T02:49:13.850Z] message-hooks: searching 1 messages for OPENCODE_GENERIC
[2026-09-16T02:49:13.850Z] message-hooks: generic search complete, found=false, index=-1
[2026-09-16T02:49:13.850Z] message-hooks: no generic part found, checking for pending prompt return
[2026-09-16T02:49:25.424Z] message-hooks: ENTRY msgCount=2, sessions=ses_f57e1b86bffeYuo9UU5epcioi0
[2026-09-16T02:49:25.424Z] message-hooks: MESSAGES: [0]user: text:"review the plan /Users/paulorezende/Libr..." | [1]assistant: step-start, reasoning, reasoning, tool:completed, step-finish
[2026-09-16T02:49:25.424Z] message-hooks: post-filter, msgCount=2
[2026-09-16T02:49:25.424Z] message-hooks: about to search for OPENCODE_GENERIC
[2026-09-16T02:49:25.424Z] message-hooks: searching 2 messages for OPENCODE_GENERIC
[2026-09-16T02:49:25.424Z] message-hooks: generic search complete, found=false, index=-1
[2026-09-16T02:49:25.424Z] message-hooks: no generic part found, checking for pending prompt return
[2026-09-16T02:49:31.917Z] message-hooks: ENTRY msgCount=3, sessions=ses_f57e1b86bffeYuo9UU5epcioi0
[2026-09-16T02:49:31.917Z] message-hooks: MESSAGES: [0]user: text:"review the plan /Users/paulorezende/Libr..." | [1]assistant: step-start, reasoning, reasoning, tool:completed, step-finish | [2]assistant: step-start, reasoning, reasoning, tool:completed, tool:completed, step-finish
[2026-09-16T02:49:31.917Z] message-hooks: post-filter, msgCount=3
[2026-09-16T02:49:31.917Z] message-hooks: about to search for OPENCODE_GENERIC
[2026-09-16T02:49:31.917Z] message-hooks: searching 3 messages for OPENCODE_GENERIC
[2026-09-16T02:49:31.918Z] message-hooks: generic search complete, found=false, index=-1
[2026-09-16T02:49:31.918Z] message-hooks: no generic part found, checking for pending prompt return
[2026-09-16T02:49:35.362Z] message-hooks: ENTRY msgCount=4, sessions=ses_f57e1b86bffeYuo9UU5epcioi0
[2026-09-16T02:49:35.362Z] message-hooks: MESSAGES: [0]user: text:"review the plan /Users/paulorezende/Libr..." | [1]assistant: step-start, reasoning, reasoning, tool:completed, step-finish | [2]assistant: step-start, reasoning, reasoning, tool:completed, tool:completed, step-finish | [3]assistant: step-start, reasoning, tool:completed, step-finish
[2026-09-16T02:49:35.362Z] message-hooks: post-filter, msgCount=4
[2026-09-16T02:49:35.362Z] message-hooks: about to search for OPENCODE_GENERIC
[2026-09-16T02:49:35.362Z] message-hooks: searching 4 messages for OPENCODE_GENERIC
[2026-09-16T02:49:35.362Z] message-hooks: generic search complete, found=false, index=-1
[2026-09-16T02:49:35.362Z] message-hooks: no generic part found, checking for pending prompt return
[2026-09-16T02:50:09.103Z] session.idle: sessionID=ses_f57e1b86bffeYuo9UU5epcioi0
[2026-09-16T02:52:29.547Z] message-hooks: ENTRY msgCount=6, sessions=ses_f57e1b86bffeYuo9UU5epcioi0
[2026-09-16T02:52:29.547Z] message-hooks: MESSAGES: [0]user: text:"review the plan /Users/paulorezende/Libr..." | [1]assistant: step-start, reasoning, reasoning, tool:completed, step-finish | [2]assistant: step-start, reasoning, reasoning, tool:completed, tool:completed, step-finish | [3]assistant: step-start, reasoning, tool:completed, step-finish | [4]assistant: step-start, reasoning, reasoning, text:"I detect evaluation intent — review only...", step-finish | [5]user: text:"apply all 6 improvements itens on the pl..."
[2026-09-16T02:52:29.548Z] message-hooks: post-filter, msgCount=6
[2026-09-16T02:52:29.548Z] message-hooks: about to search for OPENCODE_GENERIC
[2026-09-16T02:52:29.548Z] message-hooks: searching 6 messages for OPENCODE_GENERIC
[2026-09-16T02:52:29.548Z] message-hooks: generic search complete, found=false, index=-1
[2026-09-16T02:52:29.548Z] message-hooks: no generic part found, checking for pending prompt return
[2026-09-16T02:52:44.182Z] message-hooks: ENTRY msgCount=7, sessions=ses_f57e1b86bffeYuo9UU5epcioi0
[2026-09-16T02:52:44.182Z] message-hooks: MESSAGES: [0]user: text:"review the plan /Users/paulorezende/Libr..." | [1]assistant: step-start, reasoning, reasoning, tool:completed, step-finish | [2]assistant: step-start, reasoning, reasoning, tool:completed, tool:completed, step-finish | [3]assistant: step-start, reasoning, tool:completed, step-finish | [4]assistant: step-start, reasoning, reasoning, text:"I detect evaluation intent — review only...", step-finish | [5]user: text:"apply all 6 improvements itens on the pl..." | [6]assistant: step-start, reasoning, reasoning, reasoning, tool:completed, step-finish
[2026-09-16T02:52:44.183Z] message-hooks: post-filter, msgCount=7
[2026-09-16T02:52:44.183Z] message-hooks: about to search for OPENCODE_GENERIC
[2026-09-16T02:52:44.183Z] message-hooks: searching 7 messages for OPENCODE_GENERIC
[2026-09-16T02:52:44.183Z] message-hooks: generic search complete, found=false, index=-1
[2026-09-16T02:52:44.183Z] message-hooks: no generic part found, checking for pending prompt return
[2026-09-16T02:52:47.611Z] message-hooks: ENTRY msgCount=8, sessions=ses_f57e1b86bffeYuo9UU5epcioi0
[2026-09-16T02:52:47.611Z] message-hooks: MESSAGES: [0]user: text:"review the plan /Users/paulorezende/Libr..." | [1]assistant: step-start, reasoning, reasoning, tool:completed, step-finish | [2]assistant: step-start, reasoning, reasoning, tool:completed, tool:completed, step-finish | [3]assistant: step-start, reasoning, tool:completed, step-finish | [4]assistant: step-start, reasoning, reasoning, text:"I detect evaluation intent — review only...", step-finish | [5]user: text:"apply all 6 improvements itens on the pl..." | [6]assistant: step-start, reasoning, reasoning, reasoning, tool:completed, step-finish | [7]assistant: step-start, reasoning, tool:completed, step-finish
[2026-09-16T02:52:47.611Z] message-hooks: post-filter, msgCount=8
[2026-09-16T02:52:47.611Z] message-hooks: about to search for OPENCODE_GENERIC
[2026-09-16T02:52:47.611Z] message-hooks: searching 8 messages for OPENCODE_GENERIC
[2026-09-16T02:52:47.611Z] message-hooks: generic search complete, found=false, index=-1
[2026-09-16T02:52:47.611Z] message-hooks: no generic part found, checking for pending prompt return
[2026-09-16T02:52:52.982Z] message-hooks: ENTRY msgCount=9, sessions=ses_f57e1b86bffeYuo9UU5epcioi0
[2026-09-16T02:52:52.982Z] message-hooks: MESSAGES: [0]user: text:"review the plan /Users/paulorezende/Libr..." | [1]assistant: step-start, reasoning, reasoning, tool:completed, step-finish | [2]assistant: step-start, reasoning, reasoning, tool:completed, tool:completed, step-finish | [3]assistant: step-start, reasoning, tool:completed, step-finish | [4]assistant: step-start, reasoning, reasoning, text:"I detect evaluation intent — review only...", step-finish | [5]user: text:"apply all 6 improvements itens on the pl..." | [6]assistant: step-start, reasoning, reasoning, reasoning, tool:completed, step-finish | [7]assistant: step-start, reasoning, tool:completed, step-finish | [8]assistant: step-start, reasoning, reasoning, tool:completed, step-finish, patch
[2026-09-16T02:52:52.982Z] message-hooks: post-filter, msgCount=9
[2026-09-16T02:52:52.982Z] message-hooks: about to search for OPENCODE_GENERIC
[2026-09-16T02:52:52.982Z] message-hooks: searching 9 messages for OPENCODE_GENERIC
[2026-09-16T02:52:52.982Z] message-hooks: generic search complete, found=false, index=-1
[2026-09-16T02:52:52.982Z] message-hooks: no generic part found, checking for pending prompt return
[2026-09-16T02:52:58.548Z] message-hooks: ENTRY msgCount=10, sessions=ses_f57e1b86bffeYuo9UU5epcioi0
[2026-09-16T02:52:58.548Z] message-hooks: MESSAGES: [0]user: text:"review the plan /Users/paulorezende/Libr..." | [1]assistant: step-start, reasoning, reasoning, tool:completed, step-finish | [2]assistant: step-start, reasoning, reasoning, tool:completed, tool:completed, step-finish | [3]assistant: step-start, reasoning, tool:completed, step-finish | [4]assistant: step-start, reasoning, reasoning, text:"I detect evaluation intent — review only...", step-finish | [5]user: text:"apply all 6 improvements itens on the pl..." | [6]assistant: step-start, reasoning, reasoning, reasoning, tool:completed, step-finish | [7]assistant: step-start, reasoning, tool:completed, step-finish | [8]assistant: step-start, reasoning, reasoning, tool:completed, step-finish, patch | [9]assistant: step-start, reasoning, tool:completed, step-finish, patch
[2026-09-16T02:52:58.548Z] message-hooks: post-filter, msgCount=10
[2026-09-16T02:52:58.548Z] message-hooks: about to search for OPENCODE_GENERIC
[2026-09-16T02:52:58.548Z] message-hooks: searching 10 messages for OPENCODE_GENERIC
[2026-09-16T02:52:58.548Z] message-hooks: generic search complete, found=false, index=-1
[2026-09-16T02:52:58.548Z] message-hooks: no generic part found, checking for pending prompt return
[2026-09-16T02:53:01.843Z] message-hooks: ENTRY msgCount=11, sessions=ses_f57e1b86bffeYuo9UU5epcioi0
[2026-09-16T02:53:01.843Z] message-hooks: MESSAGES: [0]user: text:"review the plan /Users/paulorezende/Libr..." | [1]assistant: step-start, reasoning, reasoning, tool:completed, step-finish | [2]assistant: step-start, reasoning, reasoning, tool:completed, tool:completed, step-finish | [3]assistant: step-start, reasoning, tool:completed, step-finish | [4]assistant: step-start, reasoning, reasoning, text:"I detect evaluation intent — review only...", step-finish | [5]user: text:"apply all 6 improvements itens on the pl..." | [6]assistant: step-start, reasoning, reasoning, reasoning, tool:completed, step-finish | [7]assistant: step-start, reasoning, tool:completed, step-finish | [8]assistant: step-start, reasoning, reasoning, tool:completed, step-finish, patch | [9]assistant: step-start, reasoning, tool:completed, step-finish, patch | [10]assistant: step-start, reasoning, tool:completed, step-finish, patch
[2026-09-16T02:53:01.843Z] message-hooks: post-filter, msgCount=11
[2026-09-16T02:53:01.843Z] message-hooks: about to search for OPENCODE_GENERIC
[2026-09-16T02:53:01.843Z] message-hooks: searching 11 messages for OPENCODE_GENERIC
[2026-09-16T02:53:01.843Z] message-hooks: generic search complete, found=false, index=-1
[2026-09-16T02:53:01.843Z] message-hooks: no generic part found, checking for pending prompt return
[2026-09-16T02:53:05.705Z] message-hooks: ENTRY msgCount=12, sessions=ses_f57e1b86bffeYuo9UU5epcioi0
[2026-09-16T02:53:05.705Z] message-hooks: MESSAGES: [0]user: text:"review the plan /Users/paulorezende/Libr..." | [1]assistant: step-start, reasoning, reasoning, tool:completed, step-finish | [2]assistant: step-start, reasoning, reasoning, tool:completed, tool:completed, step-finish | [3]assistant: step-start, reasoning, tool:completed, step-finish | [4]assistant: step-start, reasoning, reasoning, text:"I detect evaluation intent — review only...", step-finish | [5]user: text:"apply all 6 improvements itens on the pl..." | [6]assistant: step-start, reasoning, reasoning, reasoning, tool:completed, step-finish | [7]assistant: step-start, reasoning, tool:completed, step-finish | [8]assistant: step-start, reasoning, reasoning, tool:completed, step-finish, patch | [9]assistant: step-start, reasoning, tool:completed, step-finish, patch | [10]assistant: step-start, reasoning, tool:completed, step-finish, patch | [11]assistant: step-start, tool:completed, step-finish, patch
[2026-09-16T02:53:05.705Z] message-hooks: post-filter, msgCount=12
[2026-09-16T02:53:05.705Z] message-hooks: about to search for OPENCODE_GENERIC
[2026-09-16T02:53:05.705Z] message-hooks: searching 12 messages for OPENCODE_GENERIC
[2026-09-16T02:53:05.705Z] message-hooks: generic search complete, found=false, index=-1
[2026-09-16T02:53:05.705Z] message-hooks: no generic part found, checking for pending prompt return
[2026-09-16T02:53:09.875Z] message-hooks: ENTRY msgCount=13, sessions=ses_f57e1b86bffeYuo9UU5epcioi0
[2026-09-16T02:53:09.875Z] message-hooks: MESSAGES: [0]user: text:"review the plan /Users/paulorezende/Libr..." | [1]assistant: step-start, reasoning, reasoning, tool:completed, step-finish | [2]assistant: step-start, reasoning, reasoning, tool:completed, tool:completed, step-finish | [3]assistant: step-start, reasoning, tool:completed, step-finish | [4]assistant: step-start, reasoning, reasoning, text:"I detect evaluation intent — review only...", step-finish | [5]user: text:"apply all 6 improvements itens on the pl..." | [6]assistant: step-start, reasoning, reasoning, reasoning, tool:completed, step-finish | [7]assistant: step-start, reasoning, tool:completed, step-finish | [8]assistant: step-start, reasoning, reasoning, tool:completed, step-finish, patch | [9]assistant: step-start, reasoning, tool:completed, step-finish, patch | [10]assistant: step-start, reasoning, tool:completed, step-finish, patch | [11]assistant: step-start, tool:completed, step-finish, patch | [12]assistant: step-start, tool:completed, step-finish, patch
[2026-09-16T02:53:09.875Z] message-hooks: post-filter, msgCount=13
[2026-09-16T02:53:09.875Z] message-hooks: about to search for OPENCODE_GENERIC
[2026-09-16T02:53:09.875Z] message-hooks: searching 13 messages for OPENCODE_GENERIC
[2026-09-16T02:53:09.875Z] message-hooks: generic search complete, found=false, index=-1
[2026-09-16T02:53:09.875Z] message-hooks: no generic part found, checking for pending prompt return
[2026-09-16T02:53:12.657Z] message-hooks: ENTRY msgCount=14, sessions=ses_f57e1b86bffeYuo9UU5epcioi0
[2026-09-16T02:53:12.657Z] message-hooks: MESSAGES: [0]user: text:"review the plan /Users/paulorezende/Libr..." | [1]assistant: step-start, reasoning, reasoning, tool:completed, step-finish | [2]assistant: step-start, reasoning, reasoning, tool:completed, tool:completed, step-finish | [3]assistant: step-start, reasoning, tool:completed, step-finish | [4]assistant: step-start, reasoning, reasoning, text:"I detect evaluation intent — review only...", step-finish | [5]user: text:"apply all 6 improvements itens on the pl..." | [6]assistant: step-start, reasoning, reasoning, reasoning, tool:completed, step-finish | [7]assistant: step-start, reasoning, tool:completed, step-finish | [8]assistant: step-start, reasoning, reasoning, tool:completed, step-finish, patch | [9]assistant: step-start, reasoning, tool:completed, step-finish, patch | [10]assistant: step-start, reasoning, tool:completed, step-finish, patch | [11]assistant: step-start, tool:completed, step-finish, patch | [12]assistant: step-start, tool:completed, step-finish, patch | [13]assistant: step-start, tool:completed, step-finish, patch
[2026-09-16T02:53:12.657Z] message-hooks: post-filter, msgCount=14
[2026-09-16T02:53:12.657Z] message-hooks: about to search for OPENCODE_GENERIC
[2026-09-16T02:53:12.657Z] message-hooks: searching 14 messages for OPENCODE_GENERIC
[2026-09-16T02:53:12.657Z] message-hooks: generic search complete, found=false, index=-1
[2026-09-16T02:53:12.657Z] message-hooks: no generic part found, checking for pending prompt return
[2026-09-16T02:53:16.681Z] message-hooks: ENTRY msgCount=15, sessions=ses_f57e1b86bffeYuo9UU5epcioi0
[2026-09-16T02:53:16.681Z] message-hooks: MESSAGES: [0]user: text:"review the plan /Users/paulorezende/Libr..." | [1]assistant: step-start, reasoning, reasoning, tool:completed, step-finish | [2]assistant: step-start, reasoning, reasoning, tool:completed, tool:completed, step-finish | [3]assistant: step-start, reasoning, tool:completed, step-finish | [4]assistant: step-start, reasoning, reasoning, text:"I detect evaluation intent — review only...", step-finish | [5]user: text:"apply all 6 improvements itens on the pl..." | [6]assistant: step-start, reasoning, reasoning, reasoning, tool:completed, step-finish | [7]assistant: step-start, reasoning, tool:completed, step-finish | [8]assistant: step-start, reasoning, reasoning, tool:completed, step-finish, patch | [9]assistant: step-start, reasoning, tool:completed, step-finish, patch | [10]assistant: step-start, reasoning, tool:completed, step-finish, patch | [11]assistant: step-start, tool:completed, step-finish, patch | [12]assistant: step-start, tool:completed, step-finish, patch | [13]assistant: step-start, tool:completed, step-finish, patch | [14]assistant: step-start, tool:completed, step-finish, patch
[2026-09-16T02:53:16.681Z] message-hooks: post-filter, msgCount=15
[2026-09-16T02:53:16.681Z] message-hooks: about to search for OPENCODE_GENERIC
[2026-09-16T02:53:16.681Z] message-hooks: searching 15 messages for OPENCODE_GENERIC
[2026-09-16T02:53:16.681Z] message-hooks: generic search complete, found=false, index=-1
[2026-09-16T02:53:16.681Z] message-hooks: no generic part found, checking for pending prompt return
[2026-09-16T02:53:27.165Z] message-hooks: ENTRY msgCount=16, sessions=ses_f57e1b86bffeYuo9UU5epcioi0
[2026-09-16T02:53:27.165Z] message-hooks: MESSAGES: [0]user: text:"review the plan /Users/paulorezende/Libr..." | [1]assistant: step-start, reasoning, reasoning, tool:completed, step-finish | [2]assistant: step-start, reasoning, reasoning, tool:completed, tool:completed, step-finish | [3]assistant: step-start, reasoning, tool:completed, step-finish | [4]assistant: step-start, reasoning, reasoning, text:"I detect evaluation intent — review only...", step-finish | [5]user: text:"apply all 6 improvements itens on the pl..." | [6]assistant: step-start, reasoning, reasoning, reasoning, tool:completed, step-finish | [7]assistant: step-start, reasoning, tool:completed, step-finish | [8]assistant: step-start, reasoning, reasoning, tool:completed, step-finish, patch | [9]assistant: step-start, reasoning, tool:completed, step-finish, patch | [10]assistant: step-start, reasoning, tool:completed, step-finish, patch | [11]assistant: step-start, tool:completed, step-finish, patch | [12]assistant: step-start, tool:completed, step-finish, patch | [13]assistant: step-start, tool:completed, step-finish, patch | [14]assistant: step-start, tool:completed, step-finish, patch | [15]assistant: step-start, reasoning, reasoning, tool:completed, step-finish, patch
[2026-09-16T02:53:27.165Z] message-hooks: post-filter, msgCount=16
[2026-09-16T02:53:27.165Z] message-hooks: about to search for OPENCODE_GENERIC
[2026-09-16T02:53:27.165Z] message-hooks: searching 16 messages for OPENCODE_GENERIC
[2026-09-16T02:53:27.165Z] message-hooks: generic search complete, found=false, index=-1
[2026-09-16T02:53:27.165Z] message-hooks: no generic part found, checking for pending prompt return
[2026-09-16T02:53:35.545Z] message-hooks: ENTRY msgCount=17, sessions=ses_f57e1b86bffeYuo9UU5epcioi0
[2026-09-16T02:53:35.545Z] message-hooks: MESSAGES: [0]user: text:"review the plan /Users/paulorezende/Libr..." | [1]assistant: step-start, reasoning, reasoning, tool:completed, step-finish | [2]assistant: step-start, reasoning, reasoning, tool:completed, tool:completed, step-finish | [3]assistant: step-start, reasoning, tool:completed, step-finish | [4]assistant: step-start, reasoning, reasoning, text:"I detect evaluation intent — review only...", step-finish | [5]user: text:"apply all 6 improvements itens on the pl..." | [6]assistant: step-start, reasoning, reasoning, reasoning, tool:completed, step-finish | [7]assistant: step-start, reasoning, tool:completed, step-finish | [8]assistant: step-start, reasoning, reasoning, tool:completed, step-finish, patch | [9]assistant: step-start, reasoning, tool:completed, step-finish, patch | [10]assistant: step-start, reasoning, tool:completed, step-finish, patch | [11]assistant: step-start, tool:completed, step-finish, patch | [12]assistant: step-start, tool:completed, step-finish, patch | [13]assistant: step-start, tool:completed, step-finish, patch | [14]assistant: step-start, tool:completed, step-finish, patch | [15]assistant: step-start, reasoning, reasoning, tool:completed, step-finish, patch | [16]assistant: step-start, reasoning, tool:completed, step-finish, patch
[2026-09-16T02:53:35.545Z] message-hooks: post-filter, msgCount=17
[2026-09-16T02:53:35.545Z] message-hooks: about to search for OPENCODE_GENERIC
[2026-09-16T02:53:35.545Z] message-hooks: searching 17 messages for OPENCODE_GENERIC
[2026-09-16T02:53:35.545Z] message-hooks: generic search complete, found=false, index=-1
[2026-09-16T02:53:35.545Z] message-hooks: no generic part found, checking for pending prompt return
[2026-09-16T02:53:40.243Z] message-hooks: ENTRY msgCount=18, sessions=ses_f57e1b86bffeYuo9UU5epcioi0
[2026-09-16T02:53:40.243Z] message-hooks: MESSAGES: [0]user: text:"review the plan /Users/paulorezende/Libr..." | [1]assistant: step-start, reasoning, reasoning, tool:completed, step-finish | [2]assistant: step-start, reasoning, reasoning, tool:completed, tool:completed, step-finish | [3]assistant: step-start, reasoning, tool:completed, step-finish | [4]assistant: step-start, reasoning, reasoning, text:"I detect evaluation intent — review only...", step-finish | [5]user: text:"apply all 6 improvements itens on the pl..." | [6]assistant: step-start, reasoning, reasoning, reasoning, tool:completed, step-finish | [7]assistant: step-start, reasoning, tool:completed, step-finish | [8]assistant: step-start, reasoning, reasoning, tool:completed, step-finish, patch | [9]assistant: step-start, reasoning, tool:completed, step-finish, patch | [10]assistant: step-start, reasoning, tool:completed, step-finish, patch | [11]assistant: step-start, tool:completed, step-finish, patch | [12]assistant: step-start, tool:completed, step-finish, patch | [13]assistant: step-start, tool:completed, step-finish, patch | [14]assistant: step-start, tool:completed, step-finish, patch | [15]assistant: step-start, reasoning, reasoning, tool:completed, step-finish, patch | [16]assistant: step-start, reasoning, tool:completed, step-finish, patch | [17]assistant: step-start, tool:completed, step-finish, patch
[2026-09-16T02:53:40.243Z] message-hooks: post-filter, msgCount=18
[2026-09-16T02:53:40.243Z] message-hooks: about to search for OPENCODE_GENERIC
[2026-09-16T02:53:40.243Z] message-hooks: searching 18 messages for OPENCODE_GENERIC
[2026-09-16T02:53:40.243Z] message-hooks: generic search complete, found=false, index=-1
[2026-09-16T02:53:40.243Z] message-hooks: no generic part found, checking for pending prompt return
[2026-09-16T02:53:45.585Z] message-hooks: ENTRY msgCount=19, sessions=ses_f57e1b86bffeYuo9UU5epcioi0
[2026-09-16T02:53:45.585Z] message-hooks: MESSAGES: [0]user: text:"review the plan /Users/paulorezende/Libr..." | [1]assistant: step-start, reasoning, reasoning, tool:completed, step-finish | [2]assistant: step-start, reasoning, reasoning, tool:completed, tool:completed, step-finish | [3]assistant: step-start, reasoning, tool:completed, step-finish | [4]assistant: step-start, reasoning, reasoning, text:"I detect evaluation intent — review only...", step-finish | [5]user: text:"apply all 6 improvements itens on the pl..." | [6]assistant: step-start, reasoning, reasoning, reasoning, tool:completed, step-finish | [7]assistant: step-start, reasoning, tool:completed, step-finish | [8]assistant: step-start, reasoning, reasoning, tool:completed, step-finish, patch | [9]assistant: step-start, reasoning, tool:completed, step-finish, patch | [10]assistant: step-start, reasoning, tool:completed, step-finish, patch | [11]assistant: step-start, tool:completed, step-finish, patch | [12]assistant: step-start, tool:completed, step-finish, patch | [13]assistant: step-start, tool:completed, step-finish, patch | [14]assistant: step-start, tool:completed, step-finish, patch | [15]assistant: step-start, reasoning, reasoning, tool:completed, step-finish, patch | [16]assistant: step-start, reasoning, tool:completed, step-finish, patch | [17]assistant: step-start, tool:completed, step-finish, patch | [18]assistant: step-start, tool:completed, step-finish, patch
[2026-09-16T02:53:45.585Z] message-hooks: post-filter, msgCount=19
[2026-09-16T02:53:45.585Z] message-hooks: about to search for OPENCODE_GENERIC
[2026-09-16T02:53:45.585Z] message-hooks: searching 19 messages for OPENCODE_GENERIC
[2026-09-16T02:53:45.585Z] message-hooks: generic search complete, found=false, index=-1
[2026-09-16T02:53:45.585Z] message-hooks: no generic part found, checking for pending prompt return
[2026-09-16T02:53:50.524Z] message-hooks: ENTRY msgCount=20, sessions=ses_f57e1b86bffeYuo9UU5epcioi0
[2026-09-16T02:53:50.524Z] message-hooks: MESSAGES: [0]user: text:"review the plan /Users/paulorezende/Libr..." | [1]assistant: step-start, reasoning, reasoning, tool:completed, step-finish | [2]assistant: step-start, reasoning, reasoning, tool:completed, tool:completed, step-finish | [3]assistant: step-start, reasoning, tool:completed, step-finish | [4]assistant: step-start, reasoning, reasoning, text:"I detect evaluation intent — review only...", step-finish | [5]user: text:"apply all 6 improvements itens on the pl..." | [6]assistant: step-start, reasoning, reasoning, reasoning, tool:completed, step-finish | [7]assistant: step-start, reasoning, tool:completed, step-finish | [8]assistant: step-start, reasoning, reasoning, tool:completed, step-finish, patch | [9]assistant: step-start, reasoning, tool:completed, step-finish, patch | [10]assistant: step-start, reasoning, tool:completed, step-finish, patch | [11]assistant: step-start, tool:completed, step-finish, patch | [12]assistant: step-start, tool:completed, step-finish, patch | [13]assistant: step-start, tool:completed, step-finish, patch | [14]assistant: step-start, tool:completed, step-finish, patch | [15]assistant: step-start, reasoning, reasoning, tool:completed, step-finish, patch | [16]assistant: step-start, reasoning, tool:completed, step-finish, patch | [17]assistant: step-start, tool:completed, step-finish, patch | [18]assistant: step-start, tool:completed, step-finish, patch | [19]assistant: step-start, reasoning, tool:completed, step-finish, patch
[2026-09-16T02:53:50.524Z] message-hooks: post-filter, msgCount=20
[2026-09-16T02:53:50.524Z] message-hooks: about to search for OPENCODE_GENERIC
[2026-09-16T02:53:50.524Z] message-hooks: searching 20 messages for OPENCODE_GENERIC
[2026-09-16T02:53:50.524Z] message-hooks: generic search complete, found=false, index=-1
[2026-09-16T02:53:50.524Z] message-hooks: no generic part found, checking for pending prompt return
[2026-09-16T02:53:55.695Z] message-hooks: ENTRY msgCount=21, sessions=ses_f57e1b86bffeYuo9UU5epcioi0
[2026-09-16T02:53:55.695Z] message-hooks: MESSAGES: [0]user: text:"review the plan /Users/paulorezende/Libr..." | [1]assistant: step-start, reasoning, reasoning, tool:completed, step-finish | [2]assistant: step-start, reasoning, reasoning, tool:completed, tool:completed, step-finish | [3]assistant: step-start, reasoning, tool:completed, step-finish | [4]assistant: step-start, reasoning, reasoning, text:"I detect evaluation intent — review only...", step-finish | [5]user: text:"apply all 6 improvements itens on the pl..." | [6]assistant: step-start, reasoning, reasoning, reasoning, tool:completed, step-finish | [7]assistant: step-start, reasoning, tool:completed, step-finish | [8]assistant: step-start, reasoning, reasoning, tool:completed, step-finish, patch | [9]assistant: step-start, reasoning, tool:completed, step-finish, patch | [10]assistant: step-start, reasoning, tool:completed, step-finish, patch | [11]assistant: step-start, tool:completed, step-finish, patch | [12]assistant: step-start, tool:completed, step-finish, patch | [13]assistant: step-start, tool:completed, step-finish, patch | [14]assistant: step-start, tool:completed, step-finish, patch | [15]assistant: step-start, reasoning, reasoning, tool:completed, step-finish, patch | [16]assistant: step-start, reasoning, tool:completed, step-finish, patch | [17]assistant: step-start, tool:completed, step-finish, patch | [18]assistant: step-start, tool:completed, step-finish, patch | [19]assistant: step-start, reasoning, tool:completed, step-finish, patch | [20]assistant: step-start, tool:completed, step-finish, patch
[2026-09-16T02:53:55.695Z] message-hooks: post-filter, msgCount=21
[2026-09-16T02:53:55.695Z] message-hooks: about to search for OPENCODE_GENERIC
[2026-09-16T02:53:55.695Z] message-hooks: searching 21 messages for OPENCODE_GENERIC
[2026-09-16T02:53:55.695Z] message-hooks: generic search complete, found=false, index=-1
[2026-09-16T02:53:55.695Z] message-hooks: no generic part found, checking for pending prompt return
[2026-09-16T02:54:05.569Z] message-hooks: ENTRY msgCount=22, sessions=ses_f57e1b86bffeYuo9UU5epcioi0
[2026-09-16T02:54:05.569Z] message-hooks: MESSAGES: [0]user: text:"review the plan /Users/paulorezende/Libr..." | [1]assistant: step-start, reasoning, reasoning, tool:completed, step-finish | [2]assistant: step-start, reasoning, reasoning, tool:completed, tool:completed, step-finish | [3]assistant: step-start, reasoning, tool:completed, step-finish | [4]assistant: step-start, reasoning, reasoning, text:"I detect evaluation intent — review only...", step-finish | [5]user: text:"apply all 6 improvements itens on the pl..." | [6]assistant: step-start, reasoning, reasoning, reasoning, tool:completed, step-finish | [7]assistant: step-start, reasoning, tool:completed, step-finish | [8]assistant: step-start, reasoning, reasoning, tool:completed, step-finish, patch | [9]assistant: step-start, reasoning, tool:completed, step-finish, patch | [10]assistant: step-start, reasoning, tool:completed, step-finish, patch | [11]assistant: step-start, tool:completed, step-finish, patch | [12]assistant: step-start, tool:completed, step-finish, patch | [13]assistant: step-start, tool:completed, step-finish, patch | [14]assistant: step-start, tool:completed, step-finish, patch | [15]assistant: step-start, reasoning, reasoning, tool:completed, step-finish, patch | [16]assistant: step-start, reasoning, tool:completed, step-finish, patch | [17]assistant: step-start, tool:completed, step-finish, patch | [18]assistant: step-start, tool:completed, step-finish, patch | [19]assistant: step-start, reasoning, tool:completed, step-finish, patch | [20]assistant: step-start, tool:completed, step-finish, patch | [21]assistant: step-start, reasoning, reasoning, tool:completed, step-finish, patch
[2026-09-16T02:54:05.569Z] message-hooks: post-filter, msgCount=22
[2026-09-16T02:54:05.569Z] message-hooks: about to search for OPENCODE_GENERIC
[2026-09-16T02:54:05.569Z] message-hooks: searching 22 messages for OPENCODE_GENERIC
[2026-09-16T02:54:05.569Z] message-hooks: generic search complete, found=false, index=-1
[2026-09-16T02:54:05.569Z] message-hooks: no generic part found, checking for pending prompt return
[2026-09-16T02:54:11.908Z] message-hooks: ENTRY msgCount=23, sessions=ses_f57e1b86bffeYuo9UU5epcioi0
[2026-09-16T02:54:11.908Z] message-hooks: MESSAGES: [0]user: text:"review the plan /Users/paulorezende/Libr..." | [1]assistant: step-start, reasoning, reasoning, tool:completed, step-finish | [2]assistant: step-start, reasoning, reasoning, tool:completed, tool:completed, step-finish | [3]assistant: step-start, reasoning, tool:completed, step-finish | [4]assistant: step-start, reasoning, reasoning, text:"I detect evaluation intent — review only...", step-finish | [5]user: text:"apply all 6 improvements itens on the pl..." | [6]assistant: step-start, reasoning, reasoning, reasoning, tool:completed, step-finish | [7]assistant: step-start, reasoning, tool:completed, step-finish | [8]assistant: step-start, reasoning, reasoning, tool:completed, step-finish, patch | [9]assistant: step-start, reasoning, tool:completed, step-finish, patch | [10]assistant: step-start, reasoning, tool:completed, step-finish, patch | [11]assistant: step-start, tool:completed, step-finish, patch | [12]assistant: step-start, tool:completed, step-finish, patch | [13]assistant: step-start, tool:completed, step-finish, patch | [14]assistant: step-start, tool:completed, step-finish, patch | [15]assistant: step-start, reasoning, reasoning, tool:completed, step-finish, patch | [16]assistant: step-start, reasoning, tool:completed, step-finish, patch | [17]assistant: step-start, tool:completed, step-finish, patch | [18]assistant: step-start, tool:completed, step-finish, patch | [19]assistant: step-start, reasoning, tool:completed, step-finish, patch | [20]assistant: step-start, tool:completed, step-finish, patch | [21]assistant: step-start, reasoning, reasoning, tool:completed, step-finish, patch | [22]assistant: step-start, tool:completed, step-finish, patch
[2026-09-16T02:54:11.908Z] message-hooks: post-filter, msgCount=23
[2026-09-16T02:54:11.908Z] message-hooks: about to search for OPENCODE_GENERIC
[2026-09-16T02:54:11.908Z] message-hooks: searching 23 messages for OPENCODE_GENERIC
[2026-09-16T02:54:11.908Z] message-hooks: generic search complete, found=false, index=-1
[2026-09-16T02:54:11.908Z] message-hooks: no generic part found, checking for pending prompt return
[2026-09-16T02:54:16.076Z] message-hooks: ENTRY msgCount=24, sessions=ses_f57e1b86bffeYuo9UU5epcioi0
[2026-09-16T02:54:16.076Z] message-hooks: MESSAGES: [0]user: text:"review the plan /Users/paulorezende/Libr..." | [1]assistant: step-start, reasoning, reasoning, tool:completed, step-finish | [2]assistant: step-start, reasoning, reasoning, tool:completed, tool:completed, step-finish | [3]assistant: step-start, reasoning, tool:completed, step-finish | [4]assistant: step-start, reasoning, reasoning, text:"I detect evaluation intent — review only...", step-finish | [5]user: text:"apply all 6 improvements itens on the pl..." | [6]assistant: step-start, reasoning, reasoning, reasoning, tool:completed, step-finish | [7]assistant: step-start, reasoning, tool:completed, step-finish | [8]assistant: step-start, reasoning, reasoning, tool:completed, step-finish, patch | [9]assistant: step-start, reasoning, tool:completed, step-finish, patch | [10]assistant: step-start, reasoning, tool:completed, step-finish, patch | [11]assistant: step-start, tool:completed, step-finish, patch | [12]assistant: step-start, tool:completed, step-finish, patch | [13]assistant: step-start, tool:completed, step-finish, patch | [14]assistant: step-start, tool:completed, step-finish, patch | [15]assistant: step-start, reasoning, reasoning, tool:completed, step-finish, patch | [16]assistant: step-start, reasoning, tool:completed, step-finish, patch | [17]assistant: step-start, tool:completed, step-finish, patch | [18]assistant: step-start, tool:completed, step-finish, patch | [19]assistant: step-start, reasoning, tool:completed, step-finish, patch | [20]assistant: step-start, tool:completed, step-finish, patch | [21]assistant: step-start, reasoning, reasoning, tool:completed, step-finish, patch | [22]assistant: step-start, tool:completed, step-finish, patch | [23]assistant: step-start, tool:completed, step-finish, patch
[2026-09-16T02:54:16.076Z] message-hooks: post-filter, msgCount=24
[2026-09-16T02:54:16.076Z] message-hooks: about to search for OPENCODE_GENERIC
[2026-09-16T02:54:16.076Z] message-hooks: searching 24 messages for OPENCODE_GENERIC
[2026-09-16T02:54:16.076Z] message-hooks: generic search complete, found=false, index=-1
[2026-09-16T02:54:16.076Z] message-hooks: no generic part found, checking for pending prompt return
[2026-09-16T02:54:22.692Z] message-hooks: ENTRY msgCount=25, sessions=ses_f57e1b86bffeYuo9UU5epcioi0
[2026-09-16T02:54:22.692Z] message-hooks: MESSAGES: [0]user: text:"review the plan /Users/paulorezende/Libr..." | [1]assistant: step-start, reasoning, reasoning, tool:completed, step-finish | [2]assistant: step-start, reasoning, reasoning, tool:completed, tool:completed, step-finish | [3]assistant: step-start, reasoning, tool:completed, step-finish | [4]assistant: step-start, reasoning, reasoning, text:"I detect evaluation intent — review only...", step-finish | [5]user: text:"apply all 6 improvements itens on the pl..." | [6]assistant: step-start, reasoning, reasoning, reasoning, tool:completed, step-finish | [7]assistant: step-start, reasoning, tool:completed, step-finish | [8]assistant: step-start, reasoning, reasoning, tool:completed, step-finish, patch | [9]assistant: step-start, reasoning, tool:completed, step-finish, patch | [10]assistant: step-start, reasoning, tool:completed, step-finish, patch | [11]assistant: step-start, tool:completed, step-finish, patch | [12]assistant: step-start, tool:completed, step-finish, patch | [13]assistant: step-start, tool:completed, step-finish, patch | [14]assistant: step-start, tool:completed, step-finish, patch | [15]assistant: step-start, reasoning, reasoning, tool:completed, step-finish, patch | [16]assistant: step-start, reasoning, tool:completed, step-finish, patch | [17]assistant: step-start, tool:completed, step-finish, patch | [18]assistant: step-start, tool:completed, step-finish, patch | [19]assistant: step-start, reasoning, tool:completed, step-finish, patch | [20]assistant: step-start, tool:completed, step-finish, patch | [21]assistant: step-start, reasoning, reasoning, tool:completed, step-finish, patch | [22]assistant: step-start, tool:completed, step-finish, patch | [23]assistant: step-start, tool:completed, step-finish, patch | [24]assistant: step-start, tool:completed, step-finish, patch
[2026-09-16T02:54:22.692Z] message-hooks: post-filter, msgCount=25
[2026-09-16T02:54:22.692Z] message-hooks: about to search for OPENCODE_GENERIC
[2026-09-16T02:54:22.692Z] message-hooks: searching 25 messages for OPENCODE_GENERIC
[2026-09-16T02:54:22.692Z] message-hooks: generic search complete, found=false, index=-1
[2026-09-16T02:54:22.692Z] message-hooks: no generic part found, checking for pending prompt return
[2026-09-16T02:54:26.635Z] message-hooks: ENTRY msgCount=26, sessions=ses_f57e1b86bffeYuo9UU5epcioi0
[2026-09-16T02:54:26.635Z] message-hooks: MESSAGES: [0]user: text:"review the plan /Users/paulorezende/Libr..." | [1]assistant: step-start, reasoning, reasoning, tool:completed, step-finish | [2]assistant: step-start, reasoning, reasoning, tool:completed, tool:completed, step-finish | [3]assistant: step-start, reasoning, tool:completed, step-finish | [4]assistant: step-start, reasoning, reasoning, text:"I detect evaluation intent — review only...", step-finish | [5]user: text:"apply all 6 improvements itens on the pl..." | [6]assistant: step-start, reasoning, reasoning, reasoning, tool:completed, step-finish | [7]assistant: step-start, reasoning, tool:completed, step-finish | [8]assistant: step-start, reasoning, reasoning, tool:completed, step-finish, patch | [9]assistant: step-start, reasoning, tool:completed, step-finish, patch | [10]assistant: step-start, reasoning, tool:completed, step-finish, patch | [11]assistant: step-start, tool:completed, step-finish, patch | [12]assistant: step-start, tool:completed, step-finish, patch | [13]assistant: step-start, tool:completed, step-finish, patch | [14]assistant: step-start, tool:completed, step-finish, patch | [15]assistant: step-start, reasoning, reasoning, tool:completed, step-finish, patch | [16]assistant: step-start, reasoning, tool:completed, step-finish, patch | [17]assistant: step-start, tool:completed, step-finish, patch | [18]assistant: step-start, tool:completed, step-finish, patch | [19]assistant: step-start, reasoning, tool:completed, step-finish, patch | [20]assistant: step-start, tool:completed, step-finish, patch | [21]assistant: step-start, reasoning, reasoning, tool:completed, step-finish, patch | [22]assistant: step-start, tool:completed, step-finish, patch | [23]assistant: step-start, tool:completed, step-finish, patch | [24]assistant: step-start, tool:completed, step-finish, patch | [25]assistant: step-start, tool:error, step-finish
[2026-09-16T02:54:26.635Z] message-hooks: post-filter, msgCount=26
[2026-09-16T02:54:26.635Z] message-hooks: about to search for OPENCODE_GENERIC
[2026-09-16T02:54:26.635Z] message-hooks: searching 26 messages for OPENCODE_GENERIC
[2026-09-16T02:54:26.635Z] message-hooks: generic search complete, found=false, index=-1
[2026-09-16T02:54:26.635Z] message-hooks: no generic part found, checking for pending prompt return
[2026-09-16T02:54:30.671Z] message-hooks: ENTRY msgCount=27, sessions=ses_f57e1b86bffeYuo9UU5epcioi0
[2026-09-16T02:54:30.671Z] message-hooks: MESSAGES: [0]user: text:"review the plan /Users/paulorezende/Libr..." | [1]assistant: step-start, reasoning, reasoning, tool:completed, step-finish | [2]assistant: step-start, reasoning, reasoning, tool:completed, tool:completed, step-finish | [3]assistant: step-start, reasoning, tool:completed, step-finish | [4]assistant: step-start, reasoning, reasoning, text:"I detect evaluation intent — review only...", step-finish | [5]user: text:"apply all 6 improvements itens on the pl..." | [6]assistant: step-start, reasoning, reasoning, reasoning, tool:completed, step-finish | [7]assistant: step-start, reasoning, tool:completed, step-finish | [8]assistant: step-start, reasoning, reasoning, tool:completed, step-finish, patch | [9]assistant: step-start, reasoning, tool:completed, step-finish, patch | [10]assistant: step-start, reasoning, tool:completed, step-finish, patch | [11]assistant: step-start, tool:completed, step-finish, patch | [12]assistant: step-start, tool:completed, step-finish, patch | [13]assistant: step-start, tool:completed, step-finish, patch | [14]assistant: step-start, tool:completed, step-finish, patch | [15]assistant: step-start, reasoning, reasoning, tool:completed, step-finish, patch | [16]assistant: step-start, reasoning, tool:completed, step-finish, patch | [17]assistant: step-start, tool:completed, step-finish, patch | [18]assistant: step-start, tool:completed, step-finish, patch | [19]assistant: step-start, reasoning, tool:completed, step-finish, patch | [20]assistant: step-start, tool:completed, step-finish, patch | [21]assistant: step-start, reasoning, reasoning, tool:completed, step-finish, patch | [22]assistant: step-start, tool:completed, step-finish, patch | [23]assistant: step-start, tool:completed, step-finish, patch | [24]assistant: step-start, tool:completed, step-finish, patch | [25]assistant: step-start, tool:error, step-finish | [26]assistant: step-start, reasoning, tool:completed, step-finish, patch
[2026-09-16T02:54:30.671Z] message-hooks: post-filter, msgCount=27
[2026-09-16T02:54:30.671Z] message-hooks: about to search for OPENCODE_GENERIC
[2026-09-16T02:54:30.671Z] message-hooks: searching 27 messages for OPENCODE_GENERIC
[2026-09-16T02:54:30.671Z] message-hooks: generic search complete, found=false, index=-1
[2026-09-16T02:54:30.671Z] message-hooks: no generic part found, checking for pending prompt return
[2026-09-16T02:54:36.629Z] message-hooks: ENTRY msgCount=28, sessions=ses_f57e1b86bffeYuo9UU5epcioi0
[2026-09-16T02:54:36.630Z] message-hooks: MESSAGES: [0]user: text:"review the plan /Users/paulorezende/Libr..." | [1]assistant: step-start, reasoning, reasoning, tool:completed, step-finish | [2]assistant: step-start, reasoning, reasoning, tool:completed, tool:completed, step-finish | [3]assistant: step-start, reasoning, tool:completed, step-finish | [4]assistant: step-start, reasoning, reasoning, text:"I detect evaluation intent — review only...", step-finish | [5]user: text:"apply all 6 improvements itens on the pl..." | [6]assistant: step-start, reasoning, reasoning, reasoning, tool:completed, step-finish | [7]assistant: step-start, reasoning, tool:completed, step-finish | [8]assistant: step-start, reasoning, reasoning, tool:completed, step-finish, patch | [9]assistant: step-start, reasoning, tool:completed, step-finish, patch | [10]assistant: step-start, reasoning, tool:completed, step-finish, patch | [11]assistant: step-start, tool:completed, step-finish, patch | [12]assistant: step-start, tool:completed, step-finish, patch | [13]assistant: step-start, tool:completed, step-finish, patch | [14]assistant: step-start, tool:completed, step-finish, patch | [15]assistant: step-start, reasoning, reasoning, tool:completed, step-finish, patch | [16]assistant: step-start, reasoning, tool:completed, step-finish, patch | [17]assistant: step-start, tool:completed, step-finish, patch | [18]assistant: step-start, tool:completed, step-finish, patch | [19]assistant: step-start, reasoning, tool:completed, step-finish, patch | [20]assistant: step-start, tool:completed, step-finish, patch | [21]assistant: step-start, reasoning, reasoning, tool:completed, step-finish, patch | [22]assistant: step-start, tool:completed, step-finish, patch | [23]assistant: step-start, tool:completed, step-finish, patch | [24]assistant: step-start, tool:completed, step-finish, patch | [25]assistant: step-start, tool:error, step-finish | [26]assistant: step-start, reasoning, tool:completed, step-finish, patch | [27]assistant: step-start, tool:completed, step-finish, patch
[2026-09-16T02:54:36.630Z] message-hooks: post-filter, msgCount=28
[2026-09-16T02:54:36.630Z] message-hooks: about to search for OPENCODE_GENERIC
[2026-09-16T02:54:36.630Z] message-hooks: searching 28 messages for OPENCODE_GENERIC
[2026-09-16T02:54:36.630Z] message-hooks: generic search complete, found=false, index=-1
[2026-09-16T02:54:36.630Z] message-hooks: no generic part found, checking for pending prompt return
[2026-09-16T02:54:40.657Z] message-hooks: ENTRY msgCount=29, sessions=ses_f57e1b86bffeYuo9UU5epcioi0
[2026-09-16T02:54:40.657Z] message-hooks: MESSAGES: [0]user: text:"review the plan /Users/paulorezende/Libr..." | [1]assistant: step-start, reasoning, reasoning, tool:completed, step-finish | [2]assistant: step-start, reasoning, reasoning, tool:completed, tool:completed, step-finish | [3]assistant: step-start, reasoning, tool:completed, step-finish | [4]assistant: step-start, reasoning, reasoning, text:"I detect evaluation intent — review only...", step-finish | [5]user: text:"apply all 6 improvements itens on the pl..." | [6]assistant: step-start, reasoning, reasoning, reasoning, tool:completed, step-finish | [7]assistant: step-start, reasoning, tool:completed, step-finish | [8]assistant: step-start, reasoning, reasoning, tool:completed, step-finish, patch | [9]assistant: step-start, reasoning, tool:completed, step-finish, patch | [10]assistant: step-start, reasoning, tool:completed, step-finish, patch | [11]assistant: step-start, tool:completed, step-finish, patch | [12]assistant: step-start, tool:completed, step-finish, patch | [13]assistant: step-start, tool:completed, step-finish, patch | [14]assistant: step-start, tool:completed, step-finish, patch | [15]assistant: step-start, reasoning, reasoning, tool:completed, step-finish, patch | [16]assistant: step-start, reasoning, tool:completed, step-finish, patch | [17]assistant: step-start, tool:completed, step-finish, patch | [18]assistant: step-start, tool:completed, step-finish, patch | [19]assistant: step-start, reasoning, tool:completed, step-finish, patch | [20]assistant: step-start, tool:completed, step-finish, patch | [21]assistant: step-start, reasoning, reasoning, tool:completed, step-finish, patch | [22]assistant: step-start, tool:completed, step-finish, patch | [23]assistant: step-start, tool:completed, step-finish, patch | [24]assistant: step-start, tool:completed, step-finish, patch | [25]assistant: step-start, tool:error, step-finish | [26]assistant: step-start, reasoning, tool:completed, step-finish, patch | [27]assistant: step-start, tool:completed, step-finish, patch | [28]assistant: step-start, reasoning, reasoning, tool:completed, step-finish
[2026-09-16T02:54:40.657Z] message-hooks: post-filter, msgCount=29
[2026-09-16T02:54:40.657Z] message-hooks: about to search for OPENCODE_GENERIC
[2026-09-16T02:54:40.657Z] message-hooks: searching 29 messages for OPENCODE_GENERIC
[2026-09-16T02:54:40.657Z] message-hooks: generic search complete, found=false, index=-1
[2026-09-16T02:54:40.657Z] message-hooks: no generic part found, checking for pending prompt return
[2026-09-16T02:54:44.417Z] message-hooks: ENTRY msgCount=30, sessions=ses_f57e1b86bffeYuo9UU5epcioi0
[2026-09-16T02:54:44.417Z] message-hooks: MESSAGES: [0]user: text:"review the plan /Users/paulorezende/Libr..." | [1]assistant: step-start, reasoning, reasoning, tool:completed, step-finish | [2]assistant: step-start, reasoning, reasoning, tool:completed, tool:completed, step-finish | [3]assistant: step-start, reasoning, tool:completed, step-finish | [4]assistant: step-start, reasoning, reasoning, text:"I detect evaluation intent — review only...", step-finish | [5]user: text:"apply all 6 improvements itens on the pl..." | [6]assistant: step-start, reasoning, reasoning, reasoning, tool:completed, step-finish | [7]assistant: step-start, reasoning, tool:completed, step-finish | [8]assistant: step-start, reasoning, reasoning, tool:completed, step-finish, patch | [9]assistant: step-start, reasoning, tool:completed, step-finish, patch | [10]assistant: step-start, reasoning, tool:completed, step-finish, patch | [11]assistant: step-start, tool:completed, step-finish, patch | [12]assistant: step-start, tool:completed, step-finish, patch | [13]assistant: step-start, tool:completed, step-finish, patch | [14]assistant: step-start, tool:completed, step-finish, patch | [15]assistant: step-start, reasoning, reasoning, tool:completed, step-finish, patch | [16]assistant: step-start, reasoning, tool:completed, step-finish, patch | [17]assistant: step-start, tool:completed, step-finish, patch | [18]assistant: step-start, tool:completed, step-finish, patch | [19]assistant: step-start, reasoning, tool:completed, step-finish, patch | [20]assistant: step-start, tool:completed, step-finish, patch | [21]assistant: step-start, reasoning, reasoning, tool:completed, step-finish, patch | [22]assistant: step-start, tool:completed, step-finish, patch | [23]assistant: step-start, tool:completed, step-finish, patch | [24]assistant: step-start, tool:completed, step-finish, patch | [25]assistant: step-start, tool:error, step-finish | [26]assistant: step-start, reasoning, tool:completed, step-finish, patch | [27]assistant: step-start, tool:completed, step-finish, patch | [28]assistant: step-start, reasoning, reasoning, tool:completed, step-finish | [29]assistant: step-start, tool:completed, step-finish
[2026-09-16T02:54:44.417Z] message-hooks: post-filter, msgCount=30
[2026-09-16T02:54:44.417Z] message-hooks: about to search for OPENCODE_GENERIC
[2026-09-16T02:54:44.417Z] message-hooks: searching 30 messages for OPENCODE_GENERIC
[2026-09-16T02:54:44.417Z] message-hooks: generic search complete, found=false, index=-1
[2026-09-16T02:54:44.417Z] message-hooks: no generic part found, checking for pending prompt return
[2026-09-16T02:54:47.278Z] message-hooks: ENTRY msgCount=31, sessions=ses_f57e1b86bffeYuo9UU5epcioi0
[2026-09-16T02:54:47.278Z] message-hooks: MESSAGES: [0]user: text:"review the plan /Users/paulorezende/Libr..." | [1]assistant: step-start, reasoning, reasoning, tool:completed, step-finish | [2]assistant: step-start, reasoning, reasoning, tool:completed, tool:completed, step-finish | [3]assistant: step-start, reasoning, tool:completed, step-finish | [4]assistant: step-start, reasoning, reasoning, text:"I detect evaluation intent — review only...", step-finish | [5]user: text:"apply all 6 improvements itens on the pl..." | [6]assistant: step-start, reasoning, reasoning, reasoning, tool:completed, step-finish | [7]assistant: step-start, reasoning, tool:completed, step-finish | [8]assistant: step-start, reasoning, reasoning, tool:completed, step-finish, patch | [9]assistant: step-start, reasoning, tool:completed, step-finish, patch | [10]assistant: step-start, reasoning, tool:completed, step-finish, patch | [11]assistant: step-start, tool:completed, step-finish, patch | [12]assistant: step-start, tool:completed, step-finish, patch | [13]assistant: step-start, tool:completed, step-finish, patch | [14]assistant: step-start, tool:completed, step-finish, patch | [15]assistant: step-start, reasoning, reasoning, tool:completed, step-finish, patch | [16]assistant: step-start, reasoning, tool:completed, step-finish, patch | [17]assistant: step-start, tool:completed, step-finish, patch | [18]assistant: step-start, tool:completed, step-finish, patch | [19]assistant: step-start, reasoning, tool:completed, step-finish, patch | [20]assistant: step-start, tool:completed, step-finish, patch | [21]assistant: step-start, reasoning, reasoning, tool:completed, step-finish, patch | [22]assistant: step-start, tool:completed, step-finish, patch | [23]assistant: step-start, tool:completed, step-finish, patch | [24]assistant: step-start, tool:completed, step-finish, patch | [25]assistant: step-start, tool:error, step-finish | [26]assistant: step-start, reasoning, tool:completed, step-finish, patch | [27]assistant: step-start, tool:completed, step-finish, patch | [28]assistant: step-start, reasoning, reasoning, tool:completed, step-finish | [29]assistant: step-start, tool:completed, step-finish | [30]assistant: step-start, reasoning, tool:completed, step-finish
[2026-09-16T02:54:47.278Z] message-hooks: post-filter, msgCount=31
[2026-09-16T02:54:47.278Z] message-hooks: about to search for OPENCODE_GENERIC
[2026-09-16T02:54:47.278Z] message-hooks: searching 31 messages for OPENCODE_GENERIC
[2026-09-16T02:54:47.278Z] message-hooks: generic search complete, found=false, index=-1
[2026-09-16T02:54:47.278Z] message-hooks: no generic part found, checking for pending prompt return
[2026-09-16T02:55:50.487Z] message-hooks: ENTRY msgCount=32, sessions=ses_f57e1b86bffeYuo9UU5epcioi0
[2026-09-16T02:55:50.487Z] message-hooks: MESSAGES: [0]user: text:"review the plan /Users/paulorezende/Libr..." | [1]assistant: step-start, reasoning, reasoning, tool:completed, step-finish | [2]assistant: step-start, reasoning, reasoning, tool:completed, tool:completed, step-finish | [3]assistant: step-start, reasoning, tool:completed, step-finish | [4]assistant: step-start, reasoning, reasoning, text:"I detect evaluation intent — review only...", step-finish | [5]user: text:"apply all 6 improvements itens on the pl..." | [6]assistant: step-start, reasoning, reasoning, reasoning, tool:completed, step-finish | [7]assistant: step-start, reasoning, tool:completed, step-finish | [8]assistant: step-start, reasoning, reasoning, tool:completed, step-finish, patch | [9]assistant: step-start, reasoning, tool:completed, step-finish, patch | [10]assistant: step-start, reasoning, tool:completed, step-finish, patch | [11]assistant: step-start, tool:completed, step-finish, patch | [12]assistant: step-start, tool:completed, step-finish, patch | [13]assistant: step-start, tool:completed, step-finish, patch | [14]assistant: step-start, tool:completed, step-finish, patch | [15]assistant: step-start, reasoning, reasoning, tool:completed, step-finish, patch | [16]assistant: step-start, reasoning, tool:completed, step-finish, patch | [17]assistant: step-start, tool:completed, step-finish, patch | [18]assistant: step-start, tool:completed, step-finish, patch | [19]assistant: step-start, reasoning, tool:completed, step-finish, patch | [20]assistant: step-start, tool:completed, step-finish, patch | [21]assistant: step-start, reasoning, reasoning, tool:completed, step-finish, patch | [22]assistant: step-start, tool:completed, step-finish, patch | [23]assistant: step-start, tool:completed, step-finish, patch | [24]assistant: step-start, tool:completed, step-finish, patch | [25]assistant: step-start, tool:error, step-finish | [26]assistant: step-start, reasoning, tool:completed, step-finish, patch | [27]assistant: step-start, tool:completed, step-finish, patch | [28]assistant: step-start, reasoning, reasoning, tool:completed, step-finish | [29]assistant: step-start, tool:completed, step-finish | [30]assistant: step-start, reasoning, tool:completed, step-finish | [31]assistant: step-start, reasoning, tool:error, step-finish
[2026-09-16T02:55:50.487Z] message-hooks: post-filter, msgCount=32
[2026-09-16T02:55:50.487Z] message-hooks: about to search for OPENCODE_GENERIC
[2026-09-16T02:55:50.487Z] message-hooks: searching 32 messages for OPENCODE_GENERIC
[2026-09-16T02:55:50.487Z] message-hooks: generic search complete, found=false, index=-1
[2026-09-16T02:55:50.487Z] message-hooks: no generic part found, checking for pending prompt return
[2026-09-16T02:55:59.156Z] session.idle: sessionID=ses_f57e1b86bffeYuo9UU5epcioi0
